MPLINK 5.09, LINKER
Linker Map File - Created Sun Mar 15 14:36:08 2020

                                 Section Info
                  Section       Type    Address   Location Size(Bytes)
                ---------  ---------  ---------  ---------  ---------
                   .org_0       code   0x000000    program   0x000038
                   .cinit    romdata   0x000038    program   0x000002



                              Program Memory Usage 
                               Start         End      
                           ---------   ---------      
                            0x000000    0x000039      
            58 out of 33048 program addresses used, program memory utilization is 0%



                              Symbols - Sorted by Name
                     Name    Address   Location    Storage File                     
                ---------  ---------  ---------  --------- ---------                
                      ca1   0x000018    program     static C:\Users\Rishikesh\MPLABXProjects\codetest_1.X\assembly6.asm
                      ca2   0x000024    program     static C:\Users\Rishikesh\MPLABXProjects\codetest_1.X\assembly6.asm
                      ca3   0x000030    program     static C:\Users\Rishikesh\MPLABXProjects\codetest_1.X\assembly6.asm
                     here   0x00000a    program     static C:\Users\Rishikesh\MPLABXProjects\codetest_1.X\assembly6.asm
                     last   0x000038    program     static C:\Users\Rishikesh\MPLABXProjects\codetest_1.X\assembly6.asm
                       st   0x000014    program     static C:\Users\Rishikesh\MPLABXProjects\codetest_1.X\assembly6.asm



                              Symbols - Sorted by Address
                     Name    Address   Location    Storage File                     
                ---------  ---------  ---------  --------- ---------                
                     here   0x00000a    program     static C:\Users\Rishikesh\MPLABXProjects\codetest_1.X\assembly6.asm
                       st   0x000014    program     static C:\Users\Rishikesh\MPLABXProjects\codetest_1.X\assembly6.asm
                      ca1   0x000018    program     static C:\Users\Rishikesh\MPLABXProjects\codetest_1.X\assembly6.asm
                      ca2   0x000024    program     static C:\Users\Rishikesh\MPLABXProjects\codetest_1.X\assembly6.asm
                      ca3   0x000030    program     static C:\Users\Rishikesh\MPLABXProjects\codetest_1.X\assembly6.asm
                     last   0x000038    program     static C:\Users\Rishikesh\MPLABXProjects\codetest_1.X\assembly6.asm


