MPLINK 5.09, LINKER
Linker Map File - Created Tue Mar 03 22:19:06 2020

                                 Section Info
                  Section       Type    Address   Location Size(Bytes)
                ---------  ---------  ---------  ---------  ---------
                   .org_0       code   0x000000    program   0x000094
                   .cinit    romdata   0x000094    program   0x000002



                              Program Memory Usage 
                               Start         End      
                           ---------   ---------      
                            0x000000    0x000095      
            150 out of 33048 program addresses used, program memory utilization is 0%



                              Symbols - Sorted by Name
                     Name    Address   Location    Storage File                     
                ---------  ---------  ---------  --------- ---------                
                       c1   0x000024    program     static C:\Users\Rishikesh\MPLABXProjects\codetest_1.X\assembly5.asm
                      c11   0x00002c    program     static C:\Users\Rishikesh\MPLABXProjects\codetest_1.X\assembly5.asm
                      c12   0x00003a    program     static C:\Users\Rishikesh\MPLABXProjects\codetest_1.X\assembly5.asm
                      c13   0x000034    program     static C:\Users\Rishikesh\MPLABXProjects\codetest_1.X\assembly5.asm
                      c14   0x000042    program     static C:\Users\Rishikesh\MPLABXProjects\codetest_1.X\assembly5.asm
                       c2   0x000048    program     static C:\Users\Rishikesh\MPLABXProjects\codetest_1.X\assembly5.asm
                      c21   0x000050    program     static C:\Users\Rishikesh\MPLABXProjects\codetest_1.X\assembly5.asm
                      c22   0x00005e    program     static C:\Users\Rishikesh\MPLABXProjects\codetest_1.X\assembly5.asm
                      c23   0x000058    program     static C:\Users\Rishikesh\MPLABXProjects\codetest_1.X\assembly5.asm
                      c24   0x000066    program     static C:\Users\Rishikesh\MPLABXProjects\codetest_1.X\assembly5.asm
                       c3   0x00006c    program     static C:\Users\Rishikesh\MPLABXProjects\codetest_1.X\assembly5.asm
                      c31   0x000074    program     static C:\Users\Rishikesh\MPLABXProjects\codetest_1.X\assembly5.asm
                      c32   0x000082    program     static C:\Users\Rishikesh\MPLABXProjects\codetest_1.X\assembly5.asm
                      c33   0x00007c    program     static C:\Users\Rishikesh\MPLABXProjects\codetest_1.X\assembly5.asm
                      c34   0x00008a    program     static C:\Users\Rishikesh\MPLABXProjects\codetest_1.X\assembly5.asm
                     here   0x00000e    program     static C:\Users\Rishikesh\MPLABXProjects\codetest_1.X\assembly5.asm
                     last   0x000090    program     static C:\Users\Rishikesh\MPLABXProjects\codetest_1.X\assembly5.asm



                              Symbols - Sorted by Address
                     Name    Address   Location    Storage File                     
                ---------  ---------  ---------  --------- ---------                
                     here   0x00000e    program     static C:\Users\Rishikesh\MPLABXProjects\codetest_1.X\assembly5.asm
                       c1   0x000024    program     static C:\Users\Rishikesh\MPLABXProjects\codetest_1.X\assembly5.asm
                      c11   0x00002c    program     static C:\Users\Rishikesh\MPLABXProjects\codetest_1.X\assembly5.asm
                      c13   0x000034    program     static C:\Users\Rishikesh\MPLABXProjects\codetest_1.X\assembly5.asm
                      c12   0x00003a    program     static C:\Users\Rishikesh\MPLABXProjects\codetest_1.X\assembly5.asm
                      c14   0x000042    program     static C:\Users\Rishikesh\MPLABXProjects\codetest_1.X\assembly5.asm
                       c2   0x000048    program     static C:\Users\Rishikesh\MPLABXProjects\codetest_1.X\assembly5.asm
                      c21   0x000050    program     static C:\Users\Rishikesh\MPLABXProjects\codetest_1.X\assembly5.asm
                      c23   0x000058    program     static C:\Users\Rishikesh\MPLABXProjects\codetest_1.X\assembly5.asm
                      c22   0x00005e    program     static C:\Users\Rishikesh\MPLABXProjects\codetest_1.X\assembly5.asm
                      c24   0x000066    program     static C:\Users\Rishikesh\MPLABXProjects\codetest_1.X\assembly5.asm
                       c3   0x00006c    program     static C:\Users\Rishikesh\MPLABXProjects\codetest_1.X\assembly5.asm
                      c31   0x000074    program     static C:\Users\Rishikesh\MPLABXProjects\codetest_1.X\assembly5.asm
                      c33   0x00007c    program     static C:\Users\Rishikesh\MPLABXProjects\codetest_1.X\assembly5.asm
                      c32   0x000082    program     static C:\Users\Rishikesh\MPLABXProjects\codetest_1.X\assembly5.asm
                      c34   0x00008a    program     static C:\Users\Rishikesh\MPLABXProjects\codetest_1.X\assembly5.asm
                     last   0x000090    program     static C:\Users\Rishikesh\MPLABXProjects\codetest_1.X\assembly5.asm


