MPLINK 5.09, LINKER
Linker Map File - Created Sun Mar 15 14:33:16 2020

                                 Section Info
                  Section       Type    Address   Location Size(Bytes)
                ---------  ---------  ---------  ---------  ---------
                   .org_0       code   0x000000    program   0x00005c
                   .cinit    romdata   0x00005c    program   0x000002



                              Program Memory Usage 
                               Start         End      
                           ---------   ---------      
                            0x000000    0x00005d      
            94 out of 33048 program addresses used, program memory utilization is 0%



                              Symbols - Sorted by Name
                     Name    Address   Location    Storage File                     
                ---------  ---------  ---------  --------- ---------                
                      ca1   0x000038    program     static C:\Users\Rishikesh\MPLABXProjects\codetest_1.X\assembly6.asm
                      ca2   0x000044    program     static C:\Users\Rishikesh\MPLABXProjects\codetest_1.X\assembly6.asm
                      ca3   0x000050    program     static C:\Users\Rishikesh\MPLABXProjects\codetest_1.X\assembly6.asm
                    delay   0x00000a    program     static C:\Users\Rishikesh\MPLABXProjects\codetest_1.X\assembly6.asm
                     here   0x00002a    program     static C:\Users\Rishikesh\MPLABXProjects\codetest_1.X\assembly6.asm
                     last   0x00005c    program     static C:\Users\Rishikesh\MPLABXProjects\codetest_1.X\assembly6.asm
                      no1   0x00000e    program     static C:\Users\Rishikesh\MPLABXProjects\codetest_1.X\assembly6.asm
                      no2   0x000012    program     static C:\Users\Rishikesh\MPLABXProjects\codetest_1.X\assembly6.asm
                      no3   0x000016    program     static C:\Users\Rishikesh\MPLABXProjects\codetest_1.X\assembly6.asm
                       st   0x000034    program     static C:\Users\Rishikesh\MPLABXProjects\codetest_1.X\assembly6.asm



                              Symbols - Sorted by Address
                     Name    Address   Location    Storage File                     
                ---------  ---------  ---------  --------- ---------                
                    delay   0x00000a    program     static C:\Users\Rishikesh\MPLABXProjects\codetest_1.X\assembly6.asm
                      no1   0x00000e    program     static C:\Users\Rishikesh\MPLABXProjects\codetest_1.X\assembly6.asm
                      no2   0x000012    program     static C:\Users\Rishikesh\MPLABXProjects\codetest_1.X\assembly6.asm
                      no3   0x000016    program     static C:\Users\Rishikesh\MPLABXProjects\codetest_1.X\assembly6.asm
                     here   0x00002a    program     static C:\Users\Rishikesh\MPLABXProjects\codetest_1.X\assembly6.asm
                       st   0x000034    program     static C:\Users\Rishikesh\MPLABXProjects\codetest_1.X\assembly6.asm
                      ca1   0x000038    program     static C:\Users\Rishikesh\MPLABXProjects\codetest_1.X\assembly6.asm
                      ca2   0x000044    program     static C:\Users\Rishikesh\MPLABXProjects\codetest_1.X\assembly6.asm
                      ca3   0x000050    program     static C:\Users\Rishikesh\MPLABXProjects\codetest_1.X\assembly6.asm
                     last   0x00005c    program     static C:\Users\Rishikesh\MPLABXProjects\codetest_1.X\assembly6.asm


